// Jest Snapshot v1, https://goo.gl/fbAQLP

exports[`snapshot test should pass snapshot test 1`] = `
{
  "asFragment": [Function],
  "baseElement": <body>
    <div>
      <header
        class="main-header"
      >
        <div
          class="site-title-section"
        >
          <img
            alt="space travel hub logo"
            height="60px"
            src="test-file-stub"
            width="60px"
          />
          <h1
            class="site-title"
          >
            Space Traveler's Hub
          </h1>
        </div>
        <nav
          class="main-header-nav"
        >
          <a
            aria-current="page"
            class="nav-link active"
            href="/"
          >
            Rockets
          </a>
          <a
            class="nav-link"
            href="/missions"
          >
            Missions
          </a>
          <a
            class="nav-link"
            href="/my-profile"
          >
            Profile
          </a>
        </nav>
      </header>
      <section
        class="rockets-container"
      >
        <div
          class="spinner-border text-primary"
          role="status"
          style="width: 5rem; height: 5rem;"
        />
      </section>
    </div>
  </body>,
  "container": <div>
    <header
      class="main-header"
    >
      <div
        class="site-title-section"
      >
        <img
          alt="space travel hub logo"
          height="60px"
          src="test-file-stub"
          width="60px"
        />
        <h1
          class="site-title"
        >
          Space Traveler's Hub
        </h1>
      </div>
      <nav
        class="main-header-nav"
      >
        <a
          aria-current="page"
          class="nav-link active"
          href="/"
        >
          Rockets
        </a>
        <a
          class="nav-link"
          href="/missions"
        >
          Missions
        </a>
        <a
          class="nav-link"
          href="/my-profile"
        >
          Profile
        </a>
      </nav>
    </header>
    <section
      class="rockets-container"
    >
      <div
        class="spinner-border text-primary"
        role="status"
        style="width: 5rem; height: 5rem;"
      />
    </section>
  </div>,
  "debug": [Function],
  "findAllByAltText": [Function],
  "findAllByDisplayValue": [Function],
  "findAllByLabelText": [Function],
  "findAllByPlaceholderText": [Function],
  "findAllByRole": [Function],
  "findAllByTestId": [Function],
  "findAllByText": [Function],
  "findAllByTitle": [Function],
  "findByAltText": [Function],
  "findByDisplayValue": [Function],
  "findByLabelText": [Function],
  "findByPlaceholderText": [Function],
  "findByRole": [Function],
  "findByTestId": [Function],
  "findByText": [Function],
  "findByTitle": [Function],
  "getAllByAltText": [Function],
  "getAllByDisplayValue": [Function],
  "getAllByLabelText": [Function],
  "getAllByPlaceholderText": [Function],
  "getAllByRole": [Function],
  "getAllByTestId": [Function],
  "getAllByText": [Function],
  "getAllByTitle": [Function],
  "getByAltText": [Function],
  "getByDisplayValue": [Function],
  "getByLabelText": [Function],
  "getByPlaceholderText": [Function],
  "getByRole": [Function],
  "getByTestId": [Function],
  "getByText": [Function],
  "getByTitle": [Function],
  "queryAllByAltText": [Function],
  "queryAllByDisplayValue": [Function],
  "queryAllByLabelText": [Function],
  "queryAllByPlaceholderText": [Function],
  "queryAllByRole": [Function],
  "queryAllByTestId": [Function],
  "queryAllByText": [Function],
  "queryAllByTitle": [Function],
  "queryByAltText": [Function],
  "queryByDisplayValue": [Function],
  "queryByLabelText": [Function],
  "queryByPlaceholderText": [Function],
  "queryByRole": [Function],
  "queryByTestId": [Function],
  "queryByText": [Function],
  "queryByTitle": [Function],
  "rerender": [Function],
  "store": {
    "@@observable": [Function],
    "dispatch": [Function],
    "getState": [Function],
    "replaceReducer": [Function],
    "subscribe": [Function],
  },
  "unmount": [Function],
}
`;
